// Jest Snapshot v1, https://goo.gl/fbAQLP

exports[`Render UserHeader should UserHeader render 1`] = `
<DocumentFragment>
  <div>
    <img
      class="css-k9ebj6"
    />
    <h2>
      Roman Rymarchuk
    </h2>
  </div>
</DocumentFragment>
`;
