// Jest Snapshot v1, https://goo.gl/fbAQLP

exports[`Render BurgerMenu should BurgerMenu render 1`] = `
<DocumentFragment>
  <div
    class="MuiBox-root css-12lz99j"
  >
    <button
      aria-controls="menu-appbar"
      aria-haspopup="true"
      aria-label="appbar"
      class="MuiButtonBase-root MuiIconButton-root MuiIconButton-sizeLarge css-gmtkzn-MuiButtonBase-root-MuiIconButton-root"
      data-testid="burgerBtn"
      tabindex="0"
      type="button"
    >
      <svg
        aria-hidden="true"
        class="MuiSvgIcon-root MuiSvgIcon-fontSizeMedium css-i4bv87-MuiSvgIcon-root"
        data-testid="MenuIcon"
        focusable="false"
        viewBox="0 0 24 24"
      >
        <path
          d="M3 18h18v-2H3v2zm0-5h18v-2H3v2zm0-7v2h18V6H3z"
        />
      </svg>
      <span
        class="MuiTouchRipple-root css-8je8zh-MuiTouchRipple-root"
      />
    </button>
  </div>
</DocumentFragment>
`;
