// Jest Snapshot v1, https://goo.gl/fbAQLP

exports[`AboutUkraine snapshot testing should render AboutUkraine Component 1`] = `
<DocumentFragment>
  <section
    style="opacity: 0; transform: translateX(-100px) translateZ(0);"
  >
    <div
      class="MuiBox-root css-qbb5fe"
    >
      <div
        class="MuiBox-root css-y2ilk6"
      >
        <h2
          class="MuiTypography-root MuiTypography-h2 css-1sra7t5-MuiTypography-root"
        >
          What is Ukraine?
        </h2>
        <p
          class="MuiTypography-root MuiTypography-body1 css-66u9a6-MuiTypography-root"
        >
          You are going to explore the largest country in Europe – a picturesque place where innovative creativity meets ancient traditions, and wonderful legends come into reality. Upon the road you will come to know lots of brave and kind-hearted people. They are fighting for freedom and dignity. They are searching for peace and prosperity. They are transforming Ukraine into a modern country, unique business hub and new all-season tourist destination.
        </p>
        <p
          class="MuiTypography-root MuiTypography-body1 css-66u9a6-MuiTypography-root"
        >
          Now get closer. The time has come to unlock the great and still less than fully realized potential of Ukraine. It is our time. And it starts right NOW. So, you’ve got the answer to the question ‘What is Ukraine?’… Welcome, and don’t forget to take a big backpack for some great memories with you!
        </p>
      </div>
    </div>
  </section>
</DocumentFragment>
`;
